// Jest Snapshot v1, https://goo.gl/fbAQLP

exports[`Main Component should render the heading 1`] = `
<main
  class="styles__Wrapper-sc-cwsudp-0 iwkquR"
>
  <img
    alt="React Avançado"
    class="styles__Logo-sc-cwsudp-1 ea-Dsyi"
    src="img/logo.svg"
  />
  <h1
    class="styles__Title-sc-cwsudp-2 cQEdjI"
  >
    React Avançado
  </h1>
  <h2
    class="styles__Description-sc-cwsudp-3 ekeaAP"
  >
    Typescript, ReactJS, NextJS e Styled Components
  </h2>
  <img
    alt="Um desenvolvedor de frete para tela com código"
    class="styles__Illustration-sc-cwsudp-4 lpqCgi"
    src="img/hero-illustration.svg"
  />
</main>
`
